C51 COMPILER V9.57.0.0   SYSTEM_INITIATE                                                   06/03/2023 17:44:19 PAGE 1   


C51 COMPILER V9.57.0.0, COMPILATION OF MODULE SYSTEM_INITIATE
OBJECT MODULE PLACED IN system_initiate.OBJ
COMPILER INVOKED BY: D:\Keil5\Keil5_C51\C51\BIN\C51.EXE system_initiate.c OPTIMIZE(8,SPEED) BROWSE DEBUG OBJECTEXTEND TA
                    -BS(2)

line level    source

   1          //---------------------------------------------------------------------
   2          //   PROG : 
   3          //   DATE : 2013.12
   4          //   COMP : sh-rfid
   5          //   DESP : all file list
   6          //---------------------------------------------------------------------
   7          
   8          #include "include.h"
   9          
  10          
  11          
  12          
  13          unsigned char TCounter250           = 0;
  14          //unsigned char TCounter8             = 0;
  15          //unsigned char Time8ms_flag            = 0;
  16          unsigned char Time250ms_flag          = 0;
  17          unsigned char EntrySensor_on_times        = 0;
  18          unsigned char ReadSensor_on_times         = 0;
  19          unsigned char ReadSensor_on_timeout_250times    = 0;
  20          unsigned char BoxSensor_on_times        = 0;
  21          unsigned char prog_reset_250times         = 0;
  22          unsigned char book_in_Running_250times      = 0;
  23          unsigned char book_out_Running_250times     = 0;
  24          //unsigned char book_out_Running_250times_bake  = 0;
  25          unsigned char book_drop_Running_250times    = 0;
  26          unsigned char book_drop_Running_250times_bake = 0;
  27          //unsigned char book_stop_running_250tims     = 0;
  28          unsigned char door_running_250times       = 0;
  29          unsigned char door_NErunning_250times       = 0;
  30          unsigned char system_waiting_250times       = 240;
  31          //unsigned char sys_timeout_flag              = 0;
  32          
  33          unsigned char conveyor_on_timeout       = 0;
  34          unsigned char safe_flag_timeout         = 0;
  35          
  36          void InitTimer(void)
  37          {
  38   1        TMOD= 0X21;   //TMOD = 0010 0001;  定时器0工作在16位计数模式，定时器1工作在8位自动装载模式，用作串口波特率
             -发生器  
  39   1        TL0 = 0xCC;
  40   1        TH0 = 0xF8;    //0xFC;  //(65536-0XF8CC)*12/22.1184MHz=1MS
  41   1        TR0 = 1;       //打开定时器0
  42   1      }
  43          //Delay function-----------------------------------------------
  44          void delay_1msx(unsigned char msxnum)  
  45          {
  46   1          unsigned char a,b,c;
  47   1      
  48   1          for(c= msxnum;c>0;c--)
  49   1            for(b=141;b>0;b--)               //
  50   1              for(a=5;a>0;a--);
  51   1      }
  52          
  53          void delay_200msx(unsigned char num)
C51 COMPILER V9.57.0.0   SYSTEM_INITIATE                                                   06/03/2023 17:44:19 PAGE 2   

  54          {
  55   1           unsigned char t;
  56   1         for(t=num;t>0;t--)
  57   1         {
  58   2            delay_1msx(200);
  59   2         }
  60   1      }
  61          void system_initiate()
  62          {
  63   1        CURRENT_FATHER_PROCESS  = PROCESS_Command_Idle ;    
  64   1        CURRENT_SON_PROCESS   = PROCESS_Command_Idle ;  
  65   1      
  66   1        TCounter250   = 0;  //250毫秒计数器
  67   1      //  TCounter8     = 0;  //8毫秒计数器
  68   1      //  Time8ms_flag  = 0;  //8毫秒标志
  69   1        Time250ms_flag  = 0;    //250毫秒标志
  70   1        InitTimer();
  71   1          initiate_RS232();
  72   1        IE=0X92;               //中断允许   IE =  1001 0010B;  EA = 1, ES = 1, ET0 = 1; 
  73   1      }
  74          
  75          
  76          


MODULE INFORMATION:   STATIC OVERLAYABLE
   CODE SIZE        =     74    ----
   CONSTANT SIZE    =   ----    ----
   XDATA SIZE       =   ----    ----
   PDATA SIZE       =   ----    ----
   DATA SIZE        =     16    ----
   IDATA SIZE       =   ----    ----
   BIT SIZE         =   ----    ----
END OF MODULE INFORMATION.


C51 COMPILATION COMPLETE.  0 WARNING(S),  0 ERROR(S)
