C51 COMPILER V9.57.0.0   MAIN                                                              05/31/2023 14:07:32 PAGE 1   


C51 COMPILER V9.57.0.0, COMPILATION OF MODULE MAIN
OBJECT MODULE PLACED IN main.OBJ
COMPILER INVOKED BY: D:\Keil5\Keil5_C51\C51\BIN\C51.EXE main.C OPTIMIZE(8,SPEED) BROWSE DEBUG OBJECTEXTEND TABS(2)

line level    source

   1          //------------------------------------------------------------
   2          //描述：24小时自助还书机控制板程序-改为馆员还书口
   3          //修改时间：2018年6月
   4          //
   5          //------------------------------------------------------------
   6          #include "include.h"
   7          void QuerySysDeviceState(void);
   8          unsigned char SysDeviceState = 0;
   9          unsigned char SysModle = SystermIdle;
  10          
  11          void main()
  12          {
  13   1        SysModle = SystermBussy;
  14   1        system_initiate();      /* 端口初始化 */
  15   1        SysModle  = SystermIdle;  
  16   1        RecvState = RecvStateIdle;
  17   1        REN     = 1;  
  18   1        while(1)
  19   1        {   
  20   2          if(system_waiting_250times==0)   //2014.8.12
  21   2          {
  22   3            system_waiting_250times=4*60;
  23   3            if(BoxSensor_on_times>=250)          //2014.12.29 防抖处理
  24   3            {
  25   4              sys_timeout_flag=1;
  26   4      //        conveyor_run = 1;
  27   4              CURRENT_FATHER_PROCESS  =  PROCESS_Command_book_out;
  28   4              CURRENT_SON_PROCESS =  PROCESS_Command_book_out_StepF;
  29   4            }
  30   3          }  
  31   2          ReceiveDateProcess();     //通讯数据解析
  32   2          SystermProcess();     //系统命令多线程（时间片处理）处理
  33   2            if(SysModle == SystermIdle) //空闲状态下，系统传感器状态主动上报
  34   2          {  
  35   3              QuerySysDeviceState();  //查询系统状态
  36   3          }
  37   2      
  38   2        }
  39   1      }
  40          ////////////////////////////////////////////////////////////////////////
  41          //名称：Timer0Interrupt(void) interrupt 1 using 1
  42          //功能：定时器0 1ms中断
  43          //入口参数：无
  44          //出口参数：无
  45          //系统影响：TL0 ，TH0                定时器计数初始值
  46          ////////////////////////////////////////////////////////////////////////
  47          void Timer0Interrupt(void) interrupt 1 using 1
  48          {
  49   1        TL0  = 0xCC;                                //重用赋初值
  50   1        TH0 = 0xF8;                                 //(2^16-0XF8CC)*12/22.1184MHz=1MS
  51   1      
  52   1      /*  if(OpenStopDoorRun == 0)             //门到位停止9.22
  53   1        {
  54   1           Stop_Door_run();
  55   1        } */
C51 COMPILER V9.57.0.0   MAIN                                                              05/31/2023 14:07:32 PAGE 2   

  56   1      
  57   1        if(EntrySensor == signal_on)
  58   1        {
  59   2          if(EntrySensor_on_times <=250)   
  60   2            EntrySensor_on_times++;
  61   2        }
  62   1        else
  63   1          EntrySensor_on_times = 0; 
  64   1      
  65   1        if(ReadSensor == signal_on)
  66   1        {
  67   2          if(ReadSensor_on_times <=250)  
  68   2            ReadSensor_on_times++;
  69   2        }
  70   1        else
  71   1          ReadSensor_on_times = 0;
  72   1        if(BoxSensor == signal_on)
  73   1        {
  74   2          if(BoxSensor_on_times <=250)   
  75   2            BoxSensor_on_times++;
  76   2        }
  77   1        else
  78   1          BoxSensor_on_times = 0;
  79   1       
  80   1        TCounter250++;                                  //250ms 计数器                  
  81   1      
  82   1        if(TCounter250>=250)                    //250ms 计数器
  83   1          {                                 //250ms 定时到
  84   2          Time250ms_flag = 1;
  85   2          TCounter250 = 0;
  86   2          if(prog_reset_250times)              //复位时间
  87   2            prog_reset_250times--;             
  88   2          if(book_in_Running_250times)           //入书时间
  89   2            book_in_Running_250times--;
  90   2          if(book_out_Running_250times)          //退书时间
  91   2            book_out_Running_250times--;
  92   2          if(book_drop_Running_250times)           //入箱时间
  93   2            book_drop_Running_250times--;
  94   2      //    if(book_stop_running_250tims)           //停止滚动时间
  95   2      //      book_stop_running_250tims--;
  96   2          if(book_drop_Running_250times)             //？？？
  97   2            book_drop_Running_250times--;
  98   2          if(ReadSensor_on_timeout_250times)          //设置等待退书后等待读者取书时间为60秒
  99   2            ReadSensor_on_timeout_250times--;
 100   2          if(door_running_250times)
 101   2            door_running_250times--;
 102   2          if(door_NErunning_250times)
 103   2            door_NErunning_250times--;
 104   2          if(system_waiting_250times)
 105   2            system_waiting_250times--;
 106   2        } 
 107   1      }


MODULE INFORMATION:   STATIC OVERLAYABLE
   CODE SIZE        =    191    ----
   CONSTANT SIZE    =   ----    ----
   XDATA SIZE       =   ----    ----
   PDATA SIZE       =   ----    ----
   DATA SIZE        =      2    ----
   IDATA SIZE       =   ----    ----
   BIT SIZE         =   ----    ----
C51 COMPILER V9.57.0.0   MAIN                                                              05/31/2023 14:07:32 PAGE 3   

END OF MODULE INFORMATION.


C51 COMPILATION COMPLETE.  0 WARNING(S),  0 ERROR(S)
